[debug] [2026-04-20T10:26:21.706Z] ----------------------------------------------------------------------
[debug] [2026-04-20T10:26:21.711Z] Command:       /usr/bin/node /usr/bin/firebase init
[debug] [2026-04-20T10:26:21.712Z] CLI Version:   15.15.0
[debug] [2026-04-20T10:26:21.713Z] Platform:      linux
[debug] [2026-04-20T10:26:21.713Z] Node Version:  v20.20.2
[debug] [2026-04-20T10:26:21.713Z] Time:          Mon Apr 20 2026 10:26:21 GMT+0000 (Greenwich Mean Time)
[debug] [2026-04-20T10:26:21.713Z] ----------------------------------------------------------------------
[debug] 
[info] 
     ######## #### ########  ######## ########     ###     ######  ########
     ##        ##  ##     ## ##       ##     ##  ##   ##  ##       ##
     ######    ##  ########  ######   ########  #########  ######  ######
     ##        ##  ##    ##  ##       ##     ## ##     ##       ## ##
     ##       #### ##     ## ######## ########  ##     ##  ######  ########

You're about to initialize a Firebase project in this directory:

  /var/www/html/Sucre_Store/STORE

Before we get started, keep in mind:

  * You are currently outside your home directory

[debug] [2026-04-20T10:26:27.089Z] ExitPromptError: User force closed the prompt with SIGINT
    at Interface.sigint (/usr/lib/node_modules/firebase-tools/node_modules/@inquirer/core/dist/commonjs/lib/create-prompt.js:101:37)
    at Interface.emit (node:events:524:28)
    at [_ttyWrite] [as _ttyWrite] (node:internal/readline/interface:1134:18)
    at ReadStream.onkeypress (node:internal/readline/interface:267:20)
    at ReadStream.emit (node:events:536:35)
    at emitKeys (node:internal/readline/utils:371:14)
    at emitKeys.next (<anonymous>)
    at ReadStream.onData (node:internal/readline/emitKeypressEvents:64:36)
    at ReadStream.emit (node:events:524:28)
    at addChunk (node:internal/streams/readable:561:12)
[error] 
[error] Error: An unexpected error has occurred.
